Archive member included to satisfy reference by file (symbol)

c:/st/stm32cubeide_1.7.0/stm32cubeide/plugins/com.st.stm32cube.ide.mcu.externaltools.gnu-tools-for-stm32.9-2020-q2-update.win32_2.0.0.202105311346/tools/bin/../lib/gcc/arm-none-eabi/9.3.1/../../../../arm-none-eabi/lib/thumb/v7e-m+fp/hard\libc_nano.a(lib_a-errno.o)
                              ./Core/Src/syscalls.o (__errno)
c:/st/stm32cubeide_1.7.0/stm32cubeide/plugins/com.st.stm32cube.ide.mcu.externaltools.gnu-tools-for-stm32.9-2020-q2-update.win32_2.0.0.202105311346/tools/bin/../lib/gcc/arm-none-eabi/9.3.1/../../../../arm-none-eabi/lib/thumb/v7e-m+fp/hard\libc_nano.a(lib_a-exit.o)
                              c:/st/stm32cubeide_1.7.0/stm32cubeide/plugins/com.st.stm32cube.ide.mcu.externaltools.gnu-tools-for-stm32.9-2020-q2-update.win32_2.0.0.202105311346/tools/bin/../lib/gcc/arm-none-eabi/9.3.1/../../../../arm-none-eabi/lib/thumb/v7e-m+fp/hard/crt0.o (exit)
c:/st/stm32cubeide_1.7.0/stm32cubeide/plugins/com.st.stm32cube.ide.mcu.externaltools.gnu-tools-for-stm32.9-2020-q2-update.win32_2.0.0.202105311346/tools/bin/../lib/gcc/arm-none-eabi/9.3.1/../../../../arm-none-eabi/lib/thumb/v7e-m+fp/hard\libc_nano.a(lib_a-impure.o)
                              c:/st/stm32cubeide_1.7.0/stm32cubeide/plugins/com.st.stm32cube.ide.mcu.externaltools.gnu-tools-for-stm32.9-2020-q2-update.win32_2.0.0.202105311346/tools/bin/../lib/gcc/arm-none-eabi/9.3.1/../../../../arm-none-eabi/lib/thumb/v7e-m+fp/hard\libc_nano.a(lib_a-exit.o) (_global_impure_ptr)
c:/st/stm32cubeide_1.7.0/stm32cubeide/plugins/com.st.stm32cube.ide.mcu.externaltools.gnu-tools-for-stm32.9-2020-q2-update.win32_2.0.0.202105311346/tools/bin/../lib/gcc/arm-none-eabi/9.3.1/../../../../arm-none-eabi/lib/thumb/v7e-m+fp/hard\libc_nano.a(lib_a-init.o)
                              c:/st/stm32cubeide_1.7.0/stm32cubeide/plugins/com.st.stm32cube.ide.mcu.externaltools.gnu-tools-for-stm32.9-2020-q2-update.win32_2.0.0.202105311346/tools/bin/../lib/gcc/arm-none-eabi/9.3.1/../../../../arm-none-eabi/lib/thumb/v7e-m+fp/hard/crt0.o (__libc_init_array)
c:/st/stm32cubeide_1.7.0/stm32cubeide/plugins/com.st.stm32cube.ide.mcu.externaltools.gnu-tools-for-stm32.9-2020-q2-update.win32_2.0.0.202105311346/tools/bin/../lib/gcc/arm-none-eabi/9.3.1/../../../../arm-none-eabi/lib/thumb/v7e-m+fp/hard\libc_nano.a(lib_a-memset.o)
                              c:/st/stm32cubeide_1.7.0/stm32cubeide/plugins/com.st.stm32cube.ide.mcu.externaltools.gnu-tools-for-stm32.9-2020-q2-update.win32_2.0.0.202105311346/tools/bin/../lib/gcc/arm-none-eabi/9.3.1/../../../../arm-none-eabi/lib/thumb/v7e-m+fp/hard/crt0.o (memset)

Allocating common symbols
Common symbol       size              file

uwTick              0x4               ./Drivers/STM32F3xx_HAL_Driver/Src/stm32f3xx_hal.o
int_0               0x4               ./Core/Src/main.o
pFlash              0x20              ./Drivers/STM32F3xx_HAL_Driver/Src/stm32f3xx_hal_flash.o
int_1               0x4               ./Core/Src/main.o

Discarded input sections

 .text          0x0000000000000000        0x0 c:/st/stm32cubeide_1.7.0/stm32cubeide/plugins/com.st.stm32cube.ide.mcu.externaltools.gnu-tools-for-stm32.9-2020-q2-update.win32_2.0.0.202105311346/tools/bin/../lib/gcc/arm-none-eabi/9.3.1/thumb/v7e-m+fp/hard/crti.o
 .data          0x0000000000000000        0x0 c:/st/stm32cubeide_1.7.0/stm32cubeide/plugins/com.st.stm32cube.ide.mcu.externaltools.gnu-tools-for-stm32.9-2020-q2-update.win32_2.0.0.202105311346/tools/bin/../lib/gcc/arm-none-eabi/9.3.1/thumb/v7e-m+fp/hard/crti.o
 .bss           0x0000000000000000        0x0 c:/st/stm32cubeide_1.7.0/stm32cubeide/plugins/com.st.stm32cube.ide.mcu.externaltools.gnu-tools-for-stm32.9-2020-q2-update.win32_2.0.0.202105311346/tools/bin/../lib/gcc/arm-none-eabi/9.3.1/thumb/v7e-m+fp/hard/crti.o
 .data          0x0000000000000000        0x4 c:/st/stm32cubeide_1.7.0/stm32cubeide/plugins/com.st.stm32cube.ide.mcu.externaltools.gnu-tools-for-stm32.9-2020-q2-update.win32_2.0.0.202105311346/tools/bin/../lib/gcc/arm-none-eabi/9.3.1/thumb/v7e-m+fp/hard/crtbegin.o
 .text          0x0000000000000000       0x7c c:/st/stm32cubeide_1.7.0/stm32cubeide/plugins/com.st.stm32cube.ide.mcu.externaltools.gnu-tools-for-stm32.9-2020-q2-update.win32_2.0.0.202105311346/tools/bin/../lib/gcc/arm-none-eabi/9.3.1/../../../../arm-none-eabi/lib/thumb/v7e-m+fp/hard/crt0.o
 .data          0x0000000000000000        0x0 c:/st/stm32cubeide_1.7.0/stm32cubeide/plugins/com.st.stm32cube.ide.mcu.externaltools.gnu-tools-for-stm32.9-2020-q2-update.win32_2.0.0.202105311346/tools/bin/../lib/gcc/arm-none-eabi/9.3.1/../../../../arm-none-eabi/lib/thumb/v7e-m+fp/hard/crt0.o
 .bss           0x0000000000000000        0x0 c:/st/stm32cubeide_1.7.0/stm32cubeide/plugins/com.st.stm32cube.ide.mcu.externaltools.gnu-tools-for-stm32.9-2020-q2-update.win32_2.0.0.202105311346/tools/bin/../lib/gcc/arm-none-eabi/9.3.1/../../../../arm-none-eabi/lib/thumb/v7e-m+fp/hard/crt0.o
[...]
Memory Configuration

Name             Origin             Length             Attributes
CCMRAM           0x0000000010000000 0x0000000000004000 xrw
RAM              0x0000000020000000 0x0000000000010000 xrw
FLASH            0x0000000008000000 0x0000000000080000 xr
*default*        0x0000000000000000 0xffffffffffffffff

Linker script and memory map

LOAD c:/st/stm32cubeide_1.7.0/stm32cubeide/plugins/com.st.stm32cube.ide.mcu.externaltools.gnu-tools-for-stm32.9-2020-q2-update.win32_2.0.0.202105311346/tools/bin/../lib/gcc/arm-none-eabi/9.3.1/thumb/v7e-m+fp/hard/crti.o
LOAD c:/st/stm32cubeide_1.7.0/stm32cubeide/plugins/com.st.stm32cube.ide.mcu.externaltools.gnu-tools-for-stm32.9-2020-q2-update.win32_2.0.0.202105311346/tools/bin/../lib/gcc/arm-none-eabi/9.3.1/thumb/v7e-m+fp/hard/crtbegin.o
LOAD c:/st/stm32cubeide_1.7.0/stm32cubeide/plugins/com.st.stm32cube.ide.mcu.externaltools.gnu-tools-for-stm32.9-2020-q2-update.win32_2.0.0.202105311346/tools/bin/../lib/gcc/arm-none-eabi/9.3.1/../../../../arm-none-eabi/lib/thumb/v7e-m+fp/hard/crt0.o
LOAD ./Core/Src/main.o
LOAD ./Core/Src/stm32f3xx_hal_msp.o
LOAD ./Core/Src/stm32f3xx_it.o
LOAD ./Core/Src/syscalls.o
LOAD ./Core/Src/sysmem.o
LOAD ./Core/Src/system_stm32f3xx.o
LOAD ./Core/Startup/startup_stm32f303retx.o
LOAD ./Drivers/STM32F3xx_HAL_Driver/Src/stm32f3xx_hal.o
LOAD ./Drivers/STM32F3xx_HAL_Driver/Src/stm32f3xx_hal_cortex.o
LOAD ./Drivers/STM32F3xx_HAL_Driver/Src/stm32f3xx_hal_dma.o
LOAD ./Drivers/STM32F3xx_HAL_Driver/Src/stm32f3xx_hal_exti.o
LOAD ./Drivers/STM32F3xx_HAL_Driver/Src/stm32f3xx_hal_flash.o
LOAD ./Drivers/STM32F3xx_HAL_Driver/Src/stm32f3xx_hal_flash_ex.o
LOAD ./Drivers/STM32F3xx_HAL_Driver/Src/stm32f3xx_hal_gpio.o
LOAD ./Drivers/STM32F3xx_HAL_Driver/Src/stm32f3xx_hal_i2c.o
LOAD ./Drivers/STM32F3xx_HAL_Driver/Src/stm32f3xx_hal_i2c_ex.o
LOAD ./Drivers/STM32F3xx_HAL_Driver/Src/stm32f3xx_hal_pwr.o
LOAD ./Drivers/STM32F3xx_HAL_Driver/Src/stm32f3xx_hal_pwr_ex.o
LOAD ./Drivers/STM32F3xx_HAL_Driver/Src/stm32f3xx_hal_rcc.o
LOAD ./Drivers/STM32F3xx_HAL_Driver/Src/stm32f3xx_hal_rcc_ex.o
LOAD ./Drivers/STM32F3xx_HAL_Driver/Src/stm32f3xx_hal_tim.o
LOAD ./Drivers/STM32F3xx_HAL_Driver/Src/stm32f3xx_hal_tim_ex.o
START GROUP
LOAD c:/st/stm32cubeide_1.7.0/stm32cubeide/plugins/com.st.stm32cube.ide.mcu.externaltools.gnu-tools-for-stm32.9-2020-q2-update.win32_2.0.0.202105311346/tools/bin/../lib/gcc/arm-none-eabi/9.3.1/../../../../arm-none-eabi/lib/thumb/v7e-m+fp/hard\libc_nano.a
LOAD c:/st/stm32cubeide_1.7.0/stm32cubeide/plugins/com.st.stm32cube.ide.mcu.externaltools.gnu-tools-for-stm32.9-2020-q2-update.win32_2.0.0.202105311346/tools/bin/../lib/gcc/arm-none-eabi/9.3.1/../../../../arm-none-eabi/lib/thumb/v7e-m+fp/hard\libm.a
END GROUP
START GROUP
LOAD c:/st/stm32cubeide_1.7.0/stm32cubeide/plugins/com.st.stm32cube.ide.mcu.externaltools.gnu-tools-for-stm32.9-2020-q2-update.win32_2.0.0.202105311346/tools/bin/../lib/gcc/arm-none-eabi/9.3.1/thumb/v7e-m+fp/hard\libgcc.a
LOAD c:/st/stm32cubeide_1.7.0/stm32cubeide/plugins/com.st.stm32cube.ide.mcu.externaltools.gnu-tools-for-stm32.9-2020-q2-update.win32_2.0.0.202105311346/tools/bin/../lib/gcc/arm-none-eabi/9.3.1/../../../../arm-none-eabi/lib/thumb/v7e-m+fp/hard\libc_nano.a
END GROUP
START GROUP
LOAD c:/st/stm32cubeide_1.7.0/stm32cubeide/plugins/com.st.stm32cube.ide.mcu.externaltools.gnu-tools-for-stm32.9-2020-q2-update.win32_2.0.0.202105311346/tools/bin/../lib/gcc/arm-none-eabi/9.3.1/thumb/v7e-m+fp/hard\libgcc.a
LOAD c:/st/stm32cubeide_1.7.0/stm32cubeide/plugins/com.st.stm32cube.ide.mcu.externaltools.gnu-tools-for-stm32.9-2020-q2-update.win32_2.0.0.202105311346/tools/bin/../lib/gcc/arm-none-eabi/9.3.1/../../../../arm-none-eabi/lib/thumb/v7e-m+fp/hard\libc_nano.a
LOAD c:/st/stm32cubeide_1.7.0/stm32cubeide/plugins/com.st.stm32cube.ide.mcu.externaltools.gnu-tools-for-stm32.9-2020-q2-update.win32_2.0.0.202105311346/tools/bin/../lib/gcc/arm-none-eabi/9.3.1/../../../../arm-none-eabi/lib/thumb/v7e-m+fp/hard\libnosys.a
END GROUP
START GROUP
LOAD c:/st/stm32cubeide_1.7.0/stm32cubeide/plugins/com.st.stm32cube.ide.mcu.externaltools.gnu-tools-for-stm32.9-2020-q2-update.win32_2.0.0.202105311346/tools/bin/../lib/gcc/arm-none-eabi/9.3.1/thumb/v7e-m+fp/hard\libgcc.a
LOAD c:/st/stm32cubeide_1.7.0/stm32cubeide/plugins/com.st.stm32cube.ide.mcu.externaltools.gnu-tools-for-stm32.9-2020-q2-update.win32_2.0.0.202105311346/tools/bin/../lib/gcc/arm-none-eabi/9.3.1/../../../../arm-none-eabi/lib/thumb/v7e-m+fp/hard\libc_nano.a
LOAD c:/st/stm32cubeide_1.7.0/stm32cubeide/plugins/com.st.stm32cube.ide.mcu.externaltools.gnu-tools-for-stm32.9-2020-q2-update.win32_2.0.0.202105311346/tools/bin/../lib/gcc/arm-none-eabi/9.3.1/../../../../arm-none-eabi/lib/thumb/v7e-m+fp/hard\libnosys.a
END GROUP
LOAD c:/st/stm32cubeide_1.7.0/stm32cubeide/plugins/com.st.stm32cube.ide.mcu.externaltools.gnu-tools-for-stm32.9-2020-q2-update.win32_2.0.0.202105311346/tools/bin/../lib/gcc/arm-none-eabi/9.3.1/thumb/v7e-m+fp/hard/crtend.o
LOAD c:/st/stm32cubeide_1.7.0/stm32cubeide/plugins/com.st.stm32cube.ide.mcu.externaltools.gnu-tools-for-stm32.9-2020-q2-update.win32_2.0.0.202105311346/tools/bin/../lib/gcc/arm-none-eabi/9.3.1/thumb/v7e-m+fp/hard/crtn.o
                0x0000000020010000                _estack = (ORIGIN (RAM) + LENGTH (RAM))
                0x0000000000000200                _Min_Heap_Size = 0x200
                0x0000000000000400                _Min_Stack_Size = 0x400

.isr_vector     0x0000000008000000      0x194
                0x0000000008000000                . = ALIGN (0x4)
 *(.isr_vector)
 .isr_vector    0x0000000008000000      0x194 ./Core/Startup/startup_stm32f303retx.o
                0x0000000008000000                g_pfnVectors
                0x0000000008000194                . = ALIGN (0x4)

.text           0x0000000008000194     0x1a64
                0x0000000008000194                . = ALIGN (0x4)
 *(.text)
 .text          0x0000000008000194       0x40 c:/st/stm32cubeide_1.7.0/stm32cubeide/plugins/com.st.stm32cube.ide.mcu.externaltools.gnu-tools-for-stm32.9-2020-q2-update.win32_2.0.0.202105311346/tools/bin/../lib/gcc/arm-none-eabi/9.3.1/thumb/v7e-m+fp/hard/crtbegin.o
 *(.text*)
 .text.__NVIC_EnableIRQ
                0x00000000080001d4       0x3c ./Core/Src/main.o
 .text.__NVIC_SetPriority
                0x0000000008000210       0x54 ./Core/Src/main.o
 .text.EXTI0_IRQHandler
                0x0000000008000264       0x2c ./Core/Src/main.o
                0x0000000008000264                EXTI0_IRQHandler
 .text.EXTI3_IRQHandler
                0x0000000008000290       0x2c ./Core/Src/main.o
                0x0000000008000290                EXTI3_IRQHandler
 .text.SysCfg_Button0
                0x00000000080002bc       0x74 ./Core/Src/main.o
                0x00000000080002bc                SysCfg_Button0
 .text.SysCfg_Button1
                0x0000000008000330       0x74 ./Core/Src/main.o
                0x0000000008000330                SysCfg_Button1
 .text.SysCfg_LEDS
                0x00000000080003a4       0x4c ./Core/Src/main.o
                0x00000000080003a4                SysCfg_LEDS
 .text.main     0x00000000080003f0      0x164 ./Core/Src/main.o
                0x00000000080003f0                main
 .text.SystemClock_Config
                0x0000000008000554       0x84 ./Core/Src/main.o
                0x0000000008000554                SystemClock_Config
 .text.Error_Handler
                0x00000000080005d8        0xa ./Core/Src/main.o
                0x00000000080005d8                Error_Handler
 *fill*         0x00000000080005e2        0x2 
 .text.HAL_MspInit
                0x00000000080005e4       0x48 ./Core/Src/stm32f3xx_hal_msp.o
                0x00000000080005e4                HAL_MspInit
 .text.NMI_Handler
                0x000000000800062c        0x6 ./Core/Src/stm32f3xx_it.o
                0x000000000800062c                NMI_Handler
 .text.HardFault_Handler
                0x0000000008000632        0x6 ./Core/Src/stm32f3xx_it.o
                0x0000000008000632                HardFault_Handler
 .text.MemManage_Handler
                0x0000000008000638        0x6 ./Core/Src/stm32f3xx_it.o
                0x0000000008000638                MemManage_Handler
 .text.BusFault_Handler
                0x000000000800063e        0x6 ./Core/Src/stm32f3xx_it.o
                0x000000000800063e                BusFault_Handler
 .text.UsageFault_Handler
                0x0000000008000644        0x6 ./Core/Src/stm32f3xx_it.o
                0x0000000008000644                UsageFault_Handler
 .text.SVC_Handler
                0x000000000800064a        0xe ./Core/Src/stm32f3xx_it.o
                0x000000000800064a                SVC_Handler
 .text.DebugMon_Handler
                0x0000000008000658        0xe ./Core/Src/stm32f3xx_it.o
                0x0000000008000658                DebugMon_Handler
 .text.PendSV_Handler
                0x0000000008000666        0xe ./Core/Src/stm32f3xx_it.o
                0x0000000008000666                PendSV_Handler
 .text.SysTick_Handler
                0x0000000008000674        0xc ./Core/Src/stm32f3xx_it.o
                0x0000000008000674                SysTick_Handler
 .text.SystemInit
                0x0000000008000680       0x24 ./Core/Src/system_stm32f3xx.o
                0x0000000008000680                SystemInit
 .text.Reset_Handler
                0x00000000080006a4       0x50 ./Core/Startup/startup_stm32f303retx.o
                0x00000000080006a4                Reset_Handler
 .text.Default_Handler
                0x00000000080006f4        0x2 ./Core/Startup/startup_stm32f303retx.o
                0x00000000080006f4                RTC_Alarm_IRQHandler
                0x00000000080006f4                TIM8_TRG_COM_IRQHandler
                0x00000000080006f4                TIM8_CC_IRQHandler
                0x00000000080006f4                SPI4_IRQHandler
                0x00000000080006f4                TIM1_CC_IRQHandler
                0x00000000080006f4                USB_HP_IRQHandler
                0x00000000080006f4                PVD_IRQHandler
                0x00000000080006f4                TAMP_STAMP_IRQHandler
                0x00000000080006f4                I2C3_ER_IRQHandler
                0x00000000080006f4                USB_HP_CAN_TX_IRQHandler
                0x00000000080006f4                I2C2_EV_IRQHandler
                0x00000000080006f4                FPU_IRQHandler
                0x00000000080006f4                TIM1_UP_TIM16_IRQHandler
                0x00000000080006f4                ADC1_2_IRQHandler
                0x00000000080006f4                SPI1_IRQHandler
                0x00000000080006f4                CAN_SCE_IRQHandler
                0x00000000080006f4                TIM6_DAC_IRQHandler
                0x00000000080006f4                TIM8_UP_IRQHandler
                0x00000000080006f4                DMA2_Channel2_IRQHandler
                0x00000000080006f4                DMA1_Channel4_IRQHandler
                0x00000000080006f4                TIM20_TRG_COM_IRQHandler
                0x00000000080006f4                USART3_IRQHandler
                0x00000000080006f4                DMA1_Channel7_IRQHandler
                0x00000000080006f4                UART5_IRQHandler
                0x00000000080006f4                ADC3_IRQHandler
                0x00000000080006f4                TIM4_IRQHandler
                0x00000000080006f4                CAN_RX1_IRQHandler
                0x00000000080006f4                DMA2_Channel1_IRQHandler
                0x00000000080006f4                I2C1_EV_IRQHandler
                0x00000000080006f4                DMA1_Channel6_IRQHandler
                0x00000000080006f4                UART4_IRQHandler
                0x00000000080006f4                DMA2_Channel4_IRQHandler
                0x00000000080006f4                TIM3_IRQHandler
                0x00000000080006f4                RCC_IRQHandler
                0x00000000080006f4                TIM20_UP_IRQHandler
                0x00000000080006f4                DMA1_Channel1_IRQHandler
                0x00000000080006f4                Default_Handler
                0x00000000080006f4                USBWakeUp_RMP_IRQHandler
                0x00000000080006f4                EXTI15_10_IRQHandler
                0x00000000080006f4                TIM7_IRQHandler
                0x00000000080006f4                I2C3_EV_IRQHandler
                0x00000000080006f4                EXTI9_5_IRQHandler
                0x00000000080006f4                RTC_WKUP_IRQHandler
                0x00000000080006f4                SPI2_IRQHandler
                0x00000000080006f4                USB_LP_CAN_RX0_IRQHandler
                0x00000000080006f4                DMA2_Channel5_IRQHandler
                0x00000000080006f4                DMA1_Channel5_IRQHandler
                0x00000000080006f4                USB_LP_IRQHandler
                0x00000000080006f4                EXTI4_IRQHandler
                0x00000000080006f4                TIM1_TRG_COM_TIM17_IRQHandler
                0x00000000080006f4                DMA1_Channel3_IRQHandler
                0x00000000080006f4                ADC4_IRQHandler
                0x00000000080006f4                WWDG_IRQHandler
                0x00000000080006f4                TIM2_IRQHandler
                0x00000000080006f4                COMP7_IRQHandler
                0x00000000080006f4                COMP1_2_3_IRQHandler
                0x00000000080006f4                EXTI1_IRQHandler
                0x00000000080006f4                USART2_IRQHandler
                0x00000000080006f4                COMP4_5_6_IRQHandler
                0x00000000080006f4                TIM20_BRK_IRQHandler
                0x00000000080006f4                I2C2_ER_IRQHandler
                0x00000000080006f4                DMA1_Channel2_IRQHandler
                0x00000000080006f4                TIM8_BRK_IRQHandler
                0x00000000080006f4                FLASH_IRQHandler
                0x00000000080006f4                TIM20_CC_IRQHandler
                0x00000000080006f4                USART1_IRQHandler
                0x00000000080006f4                SPI3_IRQHandler
                0x00000000080006f4                I2C1_ER_IRQHandler
                0x00000000080006f4                FMC_IRQHandler
                0x00000000080006f4                USBWakeUp_IRQHandler
                0x00000000080006f4                DMA2_Channel3_IRQHandler
                0x00000000080006f4                EXTI2_TSC_IRQHandler
                0x00000000080006f4                TIM1_BRK_TIM15_IRQHandler
 *fill*         0x00000000080006f6        0x2 
 .text.HAL_Init
                0x00000000080006f8       0x2c ./Drivers/STM32F3xx_HAL_Driver/Src/stm32f3xx_hal.o
                0x00000000080006f8                HAL_Init
 .text.HAL_InitTick
                0x0000000008000724       0x60 ./Drivers/STM32F3xx_HAL_Driver/Src/stm32f3xx_hal.o
                0x0000000008000724                HAL_InitTick
 .text.HAL_IncTick
                0x0000000008000784       0x28 ./Drivers/STM32F3xx_HAL_Driver/Src/stm32f3xx_hal.o
                0x0000000008000784                HAL_IncTick
 .text.HAL_GetTick
                0x00000000080007ac       0x18 ./Drivers/STM32F3xx_HAL_Driver/Src/stm32f3xx_hal.o
                0x00000000080007ac                HAL_GetTick
 .text.__NVIC_SetPriorityGrouping
                0x00000000080007c4       0x48 ./Drivers/STM32F3xx_HAL_Driver/Src/stm32f3xx_hal_cortex.o
 .text.__NVIC_GetPriorityGrouping
                0x000000000800080c       0x1c ./Drivers/STM32F3xx_HAL_Driver/Src/stm32f3xx_hal_cortex.o
 .text.__NVIC_SetPriority
                0x0000000008000828       0x54 ./Drivers/STM32F3xx_HAL_Driver/Src/stm32f3xx_hal_cortex.o
 .text.NVIC_EncodePriority
                0x000000000800087c       0x66 ./Drivers/STM32F3xx_HAL_Driver/Src/stm32f3xx_hal_cortex.o
 *fill*         0x00000000080008e2        0x2 
 .text.SysTick_Config
                0x00000000080008e4       0x44 ./Drivers/STM32F3xx_HAL_Driver/Src/stm32f3xx_hal_cortex.o
 .text.HAL_NVIC_SetPriorityGrouping
                0x0000000008000928       0x16 ./Drivers/STM32F3xx_HAL_Driver/Src/stm32f3xx_hal_cortex.o
                0x0000000008000928                HAL_NVIC_SetPriorityGrouping
 .text.HAL_NVIC_SetPriority
                0x000000000800093e       0x38 ./Drivers/STM32F3xx_HAL_Driver/Src/stm32f3xx_hal_cortex.o
                0x000000000800093e                HAL_NVIC_SetPriority
 .text.HAL_SYSTICK_Config
                0x0000000008000976       0x18 ./Drivers/STM32F3xx_HAL_Driver/Src/stm32f3xx_hal_cortex.o
                0x0000000008000976                HAL_SYSTICK_Config
 *fill*         0x000000000800098e        0x2 
 .text.HAL_RCC_OscConfig
                0x0000000008000990      0xe2c ./Drivers/STM32F3xx_HAL_Driver/Src/stm32f3xx_hal_rcc.o
                0x0000000008000990                HAL_RCC_OscConfig
 .text.HAL_RCC_ClockConfig
                0x00000000080017bc      0x2f8 ./Drivers/STM32F3xx_HAL_Driver/Src/stm32f3xx_hal_rcc.o
                0x00000000080017bc                HAL_RCC_ClockConfig
 .text.HAL_RCC_GetSysClockFreq
                0x0000000008001ab4       0xd4 ./Drivers/STM32F3xx_HAL_Driver/Src/stm32f3xx_hal_rcc.o
                0x0000000008001ab4                HAL_RCC_GetSysClockFreq
 .text.__libc_init_array
                0x0000000008001b88       0x48 c:/st/stm32cubeide_1.7.0/stm32cubeide/plugins/com.st.stm32cube.ide.mcu.externaltools.gnu-tools-for-stm32.9-2020-q2-update.win32_2.0.0.202105311346/tools/bin/../lib/gcc/arm-none-eabi/9.3.1/../../../../arm-none-eabi/lib/thumb/v7e-m+fp/hard\libc_nano.a(lib_a-init.o)
                0x0000000008001b88                __libc_init_array
 .text.memset   0x0000000008001bd0       0x10 c:/st/stm32cubeide_1.7.0/stm32cubeide/plugins/com.st.stm32cube.ide.mcu.externaltools.gnu-tools-for-stm32.9-2020-q2-update.win32_2.0.0.202105311346/tools/bin/../lib/gcc/arm-none-eabi/9.3.1/../../../../arm-none-eabi/lib/thumb/v7e-m+fp/hard\libc_nano.a(lib_a-memset.o)
                0x0000000008001bd0                memset
 *(.glue_7)
 .glue_7        0x0000000008001be0        0x0 linker stubs
 *(.glue_7t)
 .glue_7t       0x0000000008001be0        0x0 linker stubs
 *(.eh_frame)
 .eh_frame      0x0000000008001be0        0x0 c:/st/stm32cubeide_1.7.0/stm32cubeide/plugins/com.st.stm32cube.ide.mcu.externaltools.gnu-tools-for-stm32.9-2020-q2-update.win32_2.0.0.202105311346/tools/bin/../lib/gcc/arm-none-eabi/9.3.1/thumb/v7e-m+fp/hard/crtbegin.o
 *(.init)
 .init          0x0000000008001be0        0x4 c:/st/stm32cubeide_1.7.0/stm32cubeide/plugins/com.st.stm32cube.ide.mcu.externaltools.gnu-tools-for-stm32.9-2020-q2-update.win32_2.0.0.202105311346/tools/bin/../lib/gcc/arm-none-eabi/9.3.1/thumb/v7e-m+fp/hard/crti.o
                0x0000000008001be0                _init
 .init          0x0000000008001be4        0x8 c:/st/stm32cubeide_1.7.0/stm32cubeide/plugins/com.st.stm32cube.ide.mcu.externaltools.gnu-tools-for-stm32.9-2020-q2-update.win32_2.0.0.202105311346/tools/bin/../lib/gcc/arm-none-eabi/9.3.1/thumb/v7e-m+fp/hard/crtn.o
 *(.fini)
 .fini          0x0000000008001bec        0x4 c:/st/stm32cubeide_1.7.0/stm32cubeide/plugins/com.st.stm32cube.ide.mcu.externaltools.gnu-tools-for-stm32.9-2020-q2-update.win32_2.0.0.202105311346/tools/bin/../lib/gcc/arm-none-eabi/9.3.1/thumb/v7e-m+fp/hard/crti.o
                0x0000000008001bec                _fini
 .fini          0x0000000008001bf0        0x8 c:/st/stm32cubeide_1.7.0/stm32cubeide/plugins/com.st.stm32cube.ide.mcu.externaltools.gnu-tools-for-stm32.9-2020-q2-update.win32_2.0.0.202105311346/tools/bin/../lib/gcc/arm-none-eabi/9.3.1/thumb/v7e-m+fp/hard/crtn.o
                0x0000000008001bf8                . = ALIGN (0x4)
                0x0000000008001bf8                _etext = .

.vfp11_veneer   0x0000000008001bf8        0x0
 .vfp11_veneer  0x0000000008001bf8        0x0 linker stubs

.v4_bx          0x0000000008001bf8        0x0
 .v4_bx         0x0000000008001bf8        0x0 linker stubs

.iplt           0x0000000008001bf8        0x0
 .iplt          0x0000000008001bf8        0x0 c:/st/stm32cubeide_1.7.0/stm32cubeide/plugins/com.st.stm32cube.ide.mcu.externaltools.gnu-tools-for-stm32.9-2020-q2-update.win32_2.0.0.202105311346/tools/bin/../lib/gcc/arm-none-eabi/9.3.1/thumb/v7e-m+fp/hard/crtbegin.o

.rodata         0x0000000008001bf8       0x30
                0x0000000008001bf8                . = ALIGN (0x4)
 *(.rodata)
 *(.rodata*)
 .rodata.AHBPrescTable
                0x0000000008001bf8       0x10 ./Core/Src/system_stm32f3xx.o
                0x0000000008001bf8                AHBPrescTable
 .rodata.aPLLMULFactorTable
                0x0000000008001c08       0x10 ./Drivers/STM32F3xx_HAL_Driver/Src/stm32f3xx_hal_rcc.o
                0x0000000008001c08                aPLLMULFactorTable
 .rodata.aPredivFactorTable
                0x0000000008001c18       0x10 ./Drivers/STM32F3xx_HAL_Driver/Src/stm32f3xx_hal_rcc.o
                0x0000000008001c18                aPredivFactorTable
                0x0000000008001c28                . = ALIGN (0x4)

.rel.dyn        0x0000000008001c28        0x0
 .rel.iplt      0x0000000008001c28        0x0 c:/st/stm32cubeide_1.7.0/stm32cubeide/plugins/com.st.stm32cube.ide.mcu.externaltools.gnu-tools-for-stm32.9-2020-q2-update.win32_2.0.0.202105311346/tools/bin/../lib/gcc/arm-none-eabi/9.3.1/thumb/v7e-m+fp/hard/crtbegin.o

.ARM.extab      0x0000000008001c28        0x0
                0x0000000008001c28                . = ALIGN (0x4)
 *(.ARM.extab* .gnu.linkonce.armextab.*)
                0x0000000008001c28                . = ALIGN (0x4)

.ARM            0x0000000008001c28        0x0
                0x0000000008001c28                . = ALIGN (0x4)
                0x0000000008001c28                __exidx_start = .
 *(.ARM.exidx*)
                0x0000000008001c28                __exidx_end = .
                0x0000000008001c28                . = ALIGN (0x4)

.preinit_array  0x0000000008001c28        0x0
                0x0000000008001c28                . = ALIGN (0x4)
                0x0000000008001c28                PROVIDE (__preinit_array_start = .)
 *(.preinit_array*)
                0x0000000008001c28                PROVIDE (__preinit_array_end = .)
                0x0000000008001c28                . = ALIGN (0x4)

.init_array     0x0000000008001c28        0x4
                0x0000000008001c28                . = ALIGN (0x4)
                0x0000000008001c28                PROVIDE (__init_array_start = .)
 *(SORT_BY_NAME(.init_array.*))
 *(.init_array*)
 .init_array    0x0000000008001c28        0x4 c:/st/stm32cubeide_1.7.0/stm32cubeide/plugins/com.st.stm32cube.ide.mcu.externaltools.gnu-tools-for-stm32.9-2020-q2-update.win32_2.0.0.202105311346/tools/bin/../lib/gcc/arm-none-eabi/9.3.1/thumb/v7e-m+fp/hard/crtbegin.o
                0x0000000008001c2c                PROVIDE (__init_array_end = .)
                0x0000000008001c2c                . = ALIGN (0x4)

.fini_array     0x0000000008001c2c        0x4
                0x0000000008001c2c                . = ALIGN (0x4)
                [!provide]                        PROVIDE (__fini_array_start = .)
 *(SORT_BY_NAME(.fini_array.*))
 *(.fini_array*)
 .fini_array    0x0000000008001c2c        0x4 c:/st/stm32cubeide_1.7.0/stm32cubeide/plugins/com.st.stm32cube.ide.mcu.externaltools.gnu-tools-for-stm32.9-2020-q2-update.win32_2.0.0.202105311346/tools/bin/../lib/gcc/arm-none-eabi/9.3.1/thumb/v7e-m+fp/hard/crtbegin.o
                [!provide]                        PROVIDE (__fini_array_end = .)
                0x0000000008001c30                . = ALIGN (0x4)
                0x0000000008001c30                _sidata = LOADADDR (.data)

.data           0x0000000020000000        0xc load address 0x0000000008001c30
                0x0000000020000000                . = ALIGN (0x4)
                0x0000000020000000                _sdata = .
 *(.data)
 *(.data*)
 .data.SystemCoreClock
                0x0000000020000000        0x4 ./Core/Src/system_stm32f3xx.o
                0x0000000020000000                SystemCoreClock
 .data.uwTickPrio
                0x0000000020000004        0x4 ./Drivers/STM32F3xx_HAL_Driver/Src/stm32f3xx_hal.o
                0x0000000020000004                uwTickPrio
 .data.uwTickFreq
                0x0000000020000008        0x1 ./Drivers/STM32F3xx_HAL_Driver/Src/stm32f3xx_hal.o
                0x0000000020000008                uwTickFreq
 *(.RamFunc)
 *(.RamFunc*)
                0x000000002000000c                . = ALIGN (0x4)
 *fill*         0x0000000020000009        0x3 
                0x000000002000000c                _edata = .
                0x0000000008001c3c                _siccmram = LOADADDR (.ccmram)

.igot.plt       0x000000002000000c        0x0 load address 0x0000000008001c3c
 .igot.plt      0x000000002000000c        0x0 c:/st/stm32cubeide_1.7.0/stm32cubeide/plugins/com.st.stm32cube.ide.mcu.externaltools.gnu-tools-for-stm32.9-2020-q2-update.win32_2.0.0.202105311346/tools/bin/../lib/gcc/arm-none-eabi/9.3.1/thumb/v7e-m+fp/hard/crtbegin.o

.ccmram         0x0000000010000000        0x0 load address 0x0000000008001c3c
                0x0000000010000000                . = ALIGN (0x4)
                0x0000000010000000                _sccmram = .
 *(.ccmram)
 *(.ccmram*)
                0x0000000010000000                . = ALIGN (0x4)
                0x0000000010000000                _eccmram = .
                0x0000000010000000                . = ALIGN (0x4)

.bss            0x000000002000000c       0x38
                0x000000002000000c                _sbss = .
                0x000000002000000c                __bss_start__ = _sbss
 *(.bss)
 .bss           0x000000002000000c       0x1c c:/st/stm32cubeide_1.7.0/stm32cubeide/plugins/com.st.stm32cube.ide.mcu.externaltools.gnu-tools-for-stm32.9-2020-q2-update.win32_2.0.0.202105311346/tools/bin/../lib/gcc/arm-none-eabi/9.3.1/thumb/v7e-m+fp/hard/crtbegin.o
 *(.bss*)
 .bss.startTime
                0x0000000020000028        0x4 ./Core/Src/main.o
                0x0000000020000028                startTime
 .bss.stopTime  0x000000002000002c        0x4 ./Core/Src/main.o
                0x000000002000002c                stopTime
 .bss.startTime1
                0x0000000020000030        0x4 ./Core/Src/main.o
                0x0000000020000030                startTime1
 .bss.stopTime1
                0x0000000020000034        0x4 ./Core/Src/main.o
                0x0000000020000034                stopTime1
 *(COMMON)
 COMMON         0x0000000020000038        0x8 ./Core/Src/main.o
                0x0000000020000038                int_0
                0x000000002000003c                int_1
 COMMON         0x0000000020000040        0x4 ./Drivers/STM32F3xx_HAL_Driver/Src/stm32f3xx_hal.o
                0x0000000020000040                uwTick
                0x0000000020000044                . = ALIGN (0x4)
                0x0000000020000044                _ebss = .
                0x0000000020000044                __bss_end__ = _ebss

._user_heap_stack
                0x0000000020000044      0x604
                0x0000000020000048                . = ALIGN (0x8)
 *fill*         0x0000000020000044        0x4 
                [!provide]                        PROVIDE (end = .)
                0x0000000020000048                PROVIDE (_end = .)
                0x0000000020000248                . = (. + _Min_Heap_Size)
 *fill*         0x0000000020000048      0x200 
                0x0000000020000648                . = (. + _Min_Stack_Size)
 *fill*         0x0000000020000248      0x400 
                0x0000000020000648                . = ALIGN (0x8)

/DISCARD/
 libc.a(*)
 libm.a(*)
 libgcc.a(*)

.ARM.attributes
                0x0000000000000000       0x30
 *(.ARM.attributes)
 .ARM.attributes
                0x0000000000000000       0x1e c:/st/stm32cubeide_1.7.0/stm32cubeide/plugins/com.st.stm32cube.ide.mcu.externaltools.gnu-tools-for-stm32.9-2020-q2-update.win32_2.0.0.202105311346/tools/bin/../lib/gcc/arm-none-eabi/9.3.1/thumb/v7e-m+fp/hard/crti.o
 .ARM.attributes
                0x000000000000001e       0x34 c:/st/stm32cubeide_1.7.0/stm32cubeide/plugins/com.st.stm32cube.ide.mcu.externaltools.gnu-tools-for-stm32.9-2020-q2-update.win32_2.0.0.202105311346/tools/bin/../lib/gcc/arm-none-eabi/9.3.1/thumb/v7e-m+fp/hard/crtbegin.o
 .ARM.attributes
                0x0000000000000052       0x34 ./Core/Src/main.o
 .ARM.attributes
                0x0000000000000086       0x34 ./Core/Src/stm32f3xx_hal_msp.o
 .ARM.attributes
                0x00000000000000ba       0x34 ./Core/Src/stm32f3xx_it.o
 .ARM.attributes
                0x00000000000000ee       0x34 ./Core/Src/system_stm32f3xx.o
 .ARM.attributes
                0x0000000000000122       0x21 ./Core/Startup/startup_stm32f303retx.o
 .ARM.attributes
                0x0000000000000143       0x34 ./Drivers/STM32F3xx_HAL_Driver/Src/stm32f3xx_hal.o
 .ARM.attributes
                0x0000000000000177       0x34 ./Drivers/STM32F3xx_HAL_Driver/Src/stm32f3xx_hal_cortex.o
 .ARM.attributes
                0x00000000000001ab       0x34 ./Drivers/STM32F3xx_HAL_Driver/Src/stm32f3xx_hal_rcc.o
 .ARM.attributes
                0x00000000000001df       0x34 c:/st/stm32cubeide_1.7.0/stm32cubeide/plugins/com.st.stm32cube.ide.mcu.externaltools.gnu-tools-for-stm32.9-2020-q2-update.win32_2.0.0.202105311346/tools/bin/../lib/gcc/arm-none-eabi/9.3.1/../../../../arm-none-eabi/lib/thumb/v7e-m+fp/hard\libc_nano.a(lib_a-init.o)
 .ARM.attributes
                0x0000000000000213       0x34 c:/st/stm32cubeide_1.7.0/stm32cubeide/plugins/com.st.stm32cube.ide.mcu.externaltools.gnu-tools-for-stm32.9-2020-q2-update.win32_2.0.0.202105311346/tools/bin/../lib/gcc/arm-none-eabi/9.3.1/../../../../arm-none-eabi/lib/thumb/v7e-m+fp/hard\libc_nano.a(lib_a-memset.o)
 .ARM.attributes
                0x0000000000000247       0x1e c:/st/stm32cubeide_1.7.0/stm32cubeide/plugins/com.st.stm32cube.ide.mcu.externaltools.gnu-tools-for-stm32.9-2020-q2-update.win32_2.0.0.202105311346/tools/bin/../lib/gcc/arm-none-eabi/9.3.1/thumb/v7e-m+fp/hard/crtn.o
OUTPUT(LAB3.elf elf32-littlearm)
LOAD linker stubs
LOAD c:/st/stm32cubeide_1.7.0/stm32cubeide/plugins/com.st.stm32cube.ide.mcu.externaltools.gnu-tools-for-stm32.9-2020-q2-update.win32_2.0.0.202105311346/tools/bin/../lib/gcc/arm-none-eabi/9.3.1/../../../../arm-none-eabi/lib/thumb/v7e-m+fp/hard\libc.a
LOAD c:/st/stm32cubeide_1.7.0/stm32cubeide/plugins/com.st.stm32cube.ide.mcu.externaltools.gnu-tools-for-stm32.9-2020-q2-update.win32_2.0.0.202105311346/tools/bin/../lib/gcc/arm-none-eabi/9.3.1/../../../../arm-none-eabi/lib/thumb/v7e-m+fp/hard\libm.a
LOAD c:/st/stm32cubeide_1.7.0/stm32cubeide/plugins/com.st.stm32cube.ide.mcu.externaltools.gnu-tools-for-stm32.9-2020-q2-update.win32_2.0.0.202105311346/tools/bin/../lib/gcc/arm-none-eabi/9.3.1/thumb/v7e-m+fp/hard\libgcc.a

.debug_info     0x0000000000000000     0x433f
 .debug_info    0x0000000000000000      0xd1e ./Core/Src/main.o
 .debug_info    0x0000000000000d1e      0x299 ./Core/Src/stm32f3xx_hal_msp.o
 .debug_info    0x0000000000000fb7      0x225 ./Core/Src/stm32f3xx_it.o
 .debug_info    0x00000000000011dc      0x49a ./Core/Src/system_stm32f3xx.o
 .debug_info    0x0000000000001676       0x22 ./Core/Startup/startup_stm32f303retx.o
 .debug_info    0x0000000000001698      0x86d ./Drivers/STM32F3xx_HAL_Driver/Src/stm32f3xx_hal.o
 .debug_info    0x0000000000001f05      0xe74 ./Drivers/STM32F3xx_HAL_Driver/Src/stm32f3xx_hal_cortex.o
 .debug_info    0x0000000000002d79     0x15c6 ./Drivers/STM32F3xx_HAL_Driver/Src/stm32f3xx_hal_rcc.o

.debug_abbrev   0x0000000000000000      0xd6f
 .debug_abbrev  0x0000000000000000      0x23c ./Core/Src/main.o
 .debug_abbrev  0x000000000000023c      0x11d ./Core/Src/stm32f3xx_hal_msp.o
 .debug_abbrev  0x0000000000000359       0xd2 ./Core/Src/stm32f3xx_it.o
 .debug_abbrev  0x000000000000042b      0x145 ./Core/Src/system_stm32f3xx.o
 .debug_abbrev  0x0000000000000570       0x12 ./Core/Startup/startup_stm32f303retx.o
 .debug_abbrev  0x0000000000000582      0x1ed ./Drivers/STM32F3xx_HAL_Driver/Src/stm32f3xx_hal.o
 .debug_abbrev  0x000000000000076f      0x33c ./Drivers/STM32F3xx_HAL_Driver/Src/stm32f3xx_hal_cortex.o
 .debug_abbrev  0x0000000000000aab      0x2c4 ./Drivers/STM32F3xx_HAL_Driver/Src/stm32f3xx_hal_rcc.o

.debug_aranges  0x0000000000000000      0x3b8
 .debug_aranges
                0x0000000000000000       0x68 ./Core/Src/main.o
 .debug_aranges
                0x0000000000000068       0x20 ./Core/Src/stm32f3xx_hal_msp.o
 .debug_aranges
                0x0000000000000088       0x60 ./Core/Src/stm32f3xx_it.o
 .debug_aranges
                0x00000000000000e8       0x28 ./Core/Src/system_stm32f3xx.o
 .debug_aranges
                0x0000000000000110       0x28 ./Core/Startup/startup_stm32f303retx.o
 .debug_aranges
                0x0000000000000138       0xe0 ./Drivers/STM32F3xx_HAL_Driver/Src/stm32f3xx_hal.o
 .debug_aranges
                0x0000000000000218      0x118 ./Drivers/STM32F3xx_HAL_Driver/Src/stm32f3xx_hal_cortex.o
 .debug_aranges
                0x0000000000000330       0x88 ./Drivers/STM32F3xx_HAL_Driver/Src/stm32f3xx_hal_rcc.o

.debug_ranges   0x0000000000000000      0x340
 .debug_ranges  0x0000000000000000       0x58 ./Core/Src/main.o
 .debug_ranges  0x0000000000000058       0x10 ./Core/Src/stm32f3xx_hal_msp.o
 .debug_ranges  0x0000000000000068       0x50 ./Core/Src/stm32f3xx_it.o
 .debug_ranges  0x00000000000000b8       0x18 ./Core/Src/system_stm32f3xx.o
 .debug_ranges  0x00000000000000d0       0x20 ./Core/Startup/startup_stm32f303retx.o
 .debug_ranges  0x00000000000000f0       0xd0 ./Drivers/STM32F3xx_HAL_Driver/Src/stm32f3xx_hal.o
 .debug_ranges  0x00000000000001c0      0x108 ./Drivers/STM32F3xx_HAL_Driver/Src/stm32f3xx_hal_cortex.o
 .debug_ranges  0x00000000000002c8       0x78 ./Drivers/STM32F3xx_HAL_Driver/Src/stm32f3xx_hal_rcc.o

.debug_macro    0x0000000000000000    0x1e087
 .debug_macro   0x0000000000000000      0x1b9 ./Core/Src/main.o
 .debug_macro   0x00000000000001b9      0xaa8 ./Core/Src/main.o
 .debug_macro   0x0000000000000c61      0x14b ./Core/Src/main.o
 .debug_macro   0x0000000000000dac       0x2e ./Core/Src/main.o
 .debug_macro   0x0000000000000dda       0x28 ./Core/Src/main.o
 .debug_macro   0x0000000000000e02       0x22 ./Core/Src/main.o
 .debug_macro   0x0000000000000e24       0x8e ./Core/Src/main.o
 .debug_macro   0x0000000000000eb2       0x51 ./Core/Src/main.o
 .debug_macro   0x0000000000000f03      0x103 ./Core/Src/main.o
 .debug_macro   0x0000000000001006       0x6a ./Core/Src/main.o
 .debug_macro   0x0000000000001070      0x1df ./Core/Src/main.o
 .debug_macro   0x000000000000124f       0x1c ./Core/Src/main.o
 .debug_macro   0x000000000000126b       0x22 ./Core/Src/main.o
 .debug_macro   0x000000000000128d       0xdf ./Core/Src/main.o
 .debug_macro   0x000000000000136c     0x102d ./Core/Src/main.o
 .debug_macro   0x0000000000002399      0x11f ./Core/Src/main.o
 .debug_macro   0x00000000000024b8    0x1535a ./Core/Src/main.o
 .debug_macro   0x0000000000017812       0x6d ./Core/Src/main.o
 .debug_macro   0x000000000001787f     0x3540 ./Core/Src/main.o
 .debug_macro   0x000000000001adbf      0x174 ./Core/Src/main.o
 .debug_macro   0x000000000001af33       0x55 ./Core/Src/main.o
 .debug_macro   0x000000000001af88      0x954 ./Core/Src/main.o
 .debug_macro   0x000000000001b8dc      0x84a ./Core/Src/main.o
 .debug_macro   0x000000000001c126      0x1b6 ./Core/Src/main.o
 .debug_macro   0x000000000001c2dc      0x23a ./Core/Src/main.o
 .debug_macro   0x000000000001c516      0x1ea ./Core/Src/main.o
 .debug_macro   0x000000000001c700      0x1bc ./Core/Src/main.o
 .debug_macro   0x000000000001c8bc       0x30 ./Core/Src/main.o
 .debug_macro   0x000000000001c8ec       0x3c ./Core/Src/main.o
 .debug_macro   0x000000000001c928      0x236 ./Core/Src/main.o
 .debug_macro   0x000000000001cb5e       0xc5 ./Core/Src/main.o
 .debug_macro   0x000000000001cc23      0x21d ./Core/Src/main.o
 .debug_macro   0x000000000001ce40      0x22c ./Core/Src/main.o
 .debug_macro   0x000000000001d06c       0x5b ./Core/Src/main.o
 .debug_macro   0x000000000001d0c7       0xa5 ./Core/Src/main.o
 .debug_macro   0x000000000001d16c       0x81 ./Core/Src/main.o
 .debug_macro   0x000000000001d1ed       0xd3 ./Core/Src/main.o
 .debug_macro   0x000000000001d2c0      0x347 ./Core/Src/main.o
 .debug_macro   0x000000000001d607      0x1b9 ./Core/Src/stm32f3xx_hal_msp.o
 .debug_macro   0x000000000001d7c0      0x1c3 ./Core/Src/stm32f3xx_it.o
 .debug_macro   0x000000000001d983      0x1af ./Core/Src/system_stm32f3xx.o
 .debug_macro   0x000000000001db32      0x1d3 ./Drivers/STM32F3xx_HAL_Driver/Src/stm32f3xx_hal.o
 .debug_macro   0x000000000001dd05      0x1af ./Drivers/STM32F3xx_HAL_Driver/Src/stm32f3xx_hal_cortex.o
 .debug_macro   0x000000000001deb4      0x1d3 ./Drivers/STM32F3xx_HAL_Driver/Src/stm32f3xx_hal_rcc.o

.debug_line     0x0000000000000000     0x4688
 .debug_line    0x0000000000000000      0x8b8 ./Core/Src/main.o
 .debug_line    0x00000000000008b8      0x68e ./Core/Src/stm32f3xx_hal_msp.o
 .debug_line    0x0000000000000f46      0x750 ./Core/Src/stm32f3xx_it.o
 .debug_line    0x0000000000001696      0x709 ./Core/Src/system_stm32f3xx.o
 .debug_line    0x0000000000001d9f       0x88 ./Core/Startup/startup_stm32f303retx.o
 .debug_line    0x0000000000001e27      0x939 ./Drivers/STM32F3xx_HAL_Driver/Src/stm32f3xx_hal.o
 .debug_line    0x0000000000002760      0xbfe ./Drivers/STM32F3xx_HAL_Driver/Src/stm32f3xx_hal_cortex.o
 .debug_line    0x000000000000335e     0x132a ./Drivers/STM32F3xx_HAL_Driver/Src/stm32f3xx_hal_rcc.o

.debug_str      0x0000000000000000    0xb6c5e
 .debug_str     0x0000000000000000    0xb6127 ./Core/Src/main.o
                                      0xb6925 (size before relaxing)
 .debug_str     0x00000000000b6127       0x33 ./Core/Src/stm32f3xx_hal_msp.o
                                      0xb60d3 (size before relaxing)
 .debug_str     0x00000000000b615a       0xbd ./Core/Src/stm32f3xx_it.o
                                      0xb610a (size before relaxing)
 .debug_str     0x00000000000b6217       0x5f ./Core/Src/system_stm32f3xx.o
                                      0xb6153 (size before relaxing)
 .debug_str     0x00000000000b6276       0x36 ./Core/Startup/startup_stm32f303retx.o
                                         0x6d (size before relaxing)
 .debug_str     0x00000000000b62ac      0x31e ./Drivers/STM32F3xx_HAL_Driver/Src/stm32f3xx_hal.o
                                      0xb695a (size before relaxing)
 .debug_str     0x00000000000b65ca      0x360 ./Drivers/STM32F3xx_HAL_Driver/Src/stm32f3xx_hal_cortex.o
                                      0xb6a68 (size before relaxing)
 .debug_str     0x00000000000b692a      0x334 ./Drivers/STM32F3xx_HAL_Driver/Src/stm32f3xx_hal_rcc.o
                                      0xb65c5 (size before relaxing)

.comment        0x0000000000000000       0x53
 .comment       0x0000000000000000       0x53 ./Core/Src/main.o
                                         0x54 (size before relaxing)
 .comment       0x0000000000000053       0x54 ./Core/Src/stm32f3xx_hal_msp.o
 .comment       0x0000000000000053       0x54 ./Core/Src/stm32f3xx_it.o
 .comment       0x0000000000000053       0x54 ./Core/Src/system_stm32f3xx.o
 .comment       0x0000000000000053       0x54 ./Drivers/STM32F3xx_HAL_Driver/Src/stm32f3xx_hal.o
 .comment       0x0000000000000053       0x54 ./Drivers/STM32F3xx_HAL_Driver/Src/stm32f3xx_hal_cortex.o
 .comment       0x0000000000000053       0x54 ./Drivers/STM32F3xx_HAL_Driver/Src/stm32f3xx_hal_rcc.o

.debug_frame    0x0000000000000000      0xd14
 .debug_frame   0x0000000000000000      0x154 ./Core/Src/main.o
 .debug_frame   0x0000000000000154       0x38 ./Core/Src/stm32f3xx_hal_msp.o
 .debug_frame   0x000000000000018c      0x104 ./Core/Src/stm32f3xx_it.o
 .debug_frame   0x0000000000000290       0x58 ./Core/Src/system_stm32f3xx.o
 .debug_frame   0x00000000000002e8      0x334 ./Drivers/STM32F3xx_HAL_Driver/Src/stm32f3xx_hal.o
 .debug_frame   0x000000000000061c      0x498 ./Drivers/STM32F3xx_HAL_Driver/Src/stm32f3xx_hal_cortex.o
 .debug_frame   0x0000000000000ab4      0x214 ./Drivers/STM32F3xx_HAL_Driver/Src/stm32f3xx_hal_rcc.o
 .debug_frame   0x0000000000000cc8       0x2c c:/st/stm32cubeide_1.7.0/stm32cubeide/plugins/com.st.stm32cube.ide.mcu.externaltools.gnu-tools-for-stm32.9-2020-q2-update.win32_2.0.0.202105311346/tools/bin/../lib/gcc/arm-none-eabi/9.3.1/../../../../arm-none-eabi/lib/thumb/v7e-m+fp/hard\libc_nano.a(lib_a-init.o)
 .debug_frame   0x0000000000000cf4       0x20 c:/st/stm32cubeide_1.7.0/stm32cubeide/plugins/com.st.stm32cube.ide.mcu.externaltools.gnu-tools-for-stm32.9-2020-q2-update.win32_2.0.0.202105311346/tools/bin/../lib/gcc/arm-none-eabi/9.3.1/../../../../arm-none-eabi/lib/thumb/v7e-m+fp/hard\libc_nano.a(lib_a-memset.o)
